2026-09-08 16:05:01.904 Uvicorn server started on :::8520
Exception in callback _ProactorBasePipeTransport._call_connection_lost()
handle: <Handle _ProactorBasePipeTransport._call_connection_lost()>
Traceback (most recent call last):
  File "C:\Python313\Lib\asyncio\events.py", line 89, in _run
    self._context.run(self._callback, *self._args)
    ~~~~~~~~~~~~~~~~~^^^^^^^^^^^^^^^^^^^^^^^^^^^^^
  File "C:\Python313\Lib\asyncio\proactor_events.py", line 165, in _call_connection_lost
    self._sock.shutdown(socket.SHUT_RDWR)
    ~~~~~~~~~~~~~~~~~~~^^^^^^^^^^^^^^^^^^
ConnectionResetError: [WinError 10054] An existing connection was forcibly closed by the remote host
Exception in callback _ProactorBasePipeTransport._call_connection_lost()
handle: <Handle _ProactorBasePipeTransport._call_connection_lost()>
Traceback (most recent call last):
  File "C:\Python313\Lib\asyncio\events.py", line 89, in _run
    self._context.run(self._callback, *self._args)
    ~~~~~~~~~~~~~~~~~^^^^^^^^^^^^^^^^^^^^^^^^^^^^^
  File "C:\Python313\Lib\asyncio\proactor_events.py", line 165, in _call_connection_lost
    self._sock.shutdown(socket.SHUT_RDWR)
    ~~~~~~~~~~~~~~~~~~~^^^^^^^^^^^^^^^^^^
ConnectionResetError: [WinError 10054] An existing connection was forcibly closed by the remote host
Exception in callback _ProactorBasePipeTransport._call_connection_lost()
handle: <Handle _ProactorBasePipeTransport._call_connection_lost()>
Traceback (most recent call last):
  File "C:\Python313\Lib\asyncio\events.py", line 89, in _run
    self._context.run(self._callback, *self._args)
    ~~~~~~~~~~~~~~~~~^^^^^^^^^^^^^^^^^^^^^^^^^^^^^
  File "C:\Python313\Lib\asyncio\proactor_events.py", line 165, in _call_connection_lost
    self._sock.shutdown(socket.SHUT_RDWR)
    ~~~~~~~~~~~~~~~~~~~^^^^^^^^^^^^^^^^^^
ConnectionResetError: [WinError 10054] An existing connection was forcibly closed by the remote host
Exception in callback _ProactorBasePipeTransport._call_connection_lost()
handle: <Handle _ProactorBasePipeTransport._call_connection_lost()>
Traceback (most recent call last):
  File "C:\Python313\Lib\asyncio\events.py", line 89, in _run
    self._context.run(self._callback, *self._args)
    ~~~~~~~~~~~~~~~~~^^^^^^^^^^^^^^^^^^^^^^^^^^^^^
  File "C:\Python313\Lib\asyncio\proactor_events.py", line 165, in _call_connection_lost
    self._sock.shutdown(socket.SHUT_RDWR)
    ~~~~~~~~~~~~~~~~~~~^^^^^^^^^^^^^^^^^^
ConnectionResetError: [WinError 10054] An existing connection was forcibly closed by the remote host
Exception in callback _ProactorBasePipeTransport._call_connection_lost()
handle: <Handle _ProactorBasePipeTransport._call_connection_lost()>
Traceback (most recent call last):
  File "C:\Python313\Lib\asyncio\events.py", line 89, in _run
    self._context.run(self._callback, *self._args)
    ~~~~~~~~~~~~~~~~~^^^^^^^^^^^^^^^^^^^^^^^^^^^^^
  File "C:\Python313\Lib\asyncio\proactor_events.py", line 165, in _call_connection_lost
    self._sock.shutdown(socket.SHUT_RDWR)
    ~~~~~~~~~~~~~~~~~~~^^^^^^^^^^^^^^^^^^
ConnectionResetError: [WinError 10054] An existing connection was forcibly closed by the remote host
Exception in callback _ProactorBasePipeTransport._call_connection_lost()
handle: <Handle _ProactorBasePipeTransport._call_connection_lost()>
Traceback (most recent call last):
  File "C:\Python313\Lib\asyncio\events.py", line 89, in _run
    self._context.run(self._callback, *self._args)
    ~~~~~~~~~~~~~~~~~^^^^^^^^^^^^^^^^^^^^^^^^^^^^^
  File "C:\Python313\Lib\asyncio\proactor_events.py", line 165, in _call_connection_lost
    self._sock.shutdown(socket.SHUT_RDWR)
    ~~~~~~~~~~~~~~~~~~~^^^^^^^^^^^^^^^^^^
ConnectionResetError: [WinError 10054] An existing connection was forcibly closed by the remote host
Exception in callback _ProactorBasePipeTransport._call_connection_lost()
handle: <Handle _ProactorBasePipeTransport._call_connection_lost()>
Traceback (most recent call last):
  File "C:\Python313\Lib\asyncio\events.py", line 89, in _run
    self._context.run(self._callback, *self._args)
    ~~~~~~~~~~~~~~~~~^^^^^^^^^^^^^^^^^^^^^^^^^^^^^
  File "C:\Python313\Lib\asyncio\proactor_events.py", line 165, in _call_connection_lost
    self._sock.shutdown(socket.SHUT_RDWR)
    ~~~~~~~~~~~~~~~~~~~^^^^^^^^^^^^^^^^^^
ConnectionResetError: [WinError 10054] An existing connection was forcibly closed by the remote host
Exception in callback _ProactorBasePipeTransport._call_connection_lost()
handle: <Handle _ProactorBasePipeTransport._call_connection_lost()>
Traceback (most recent call last):
  File "C:\Python313\Lib\asyncio\events.py", line 89, in _run
    self._context.run(self._callback, *self._args)
    ~~~~~~~~~~~~~~~~~^^^^^^^^^^^^^^^^^^^^^^^^^^^^^
  File "C:\Python313\Lib\asyncio\proactor_events.py", line 165, in _call_connection_lost
    self._sock.shutdown(socket.SHUT_RDWR)
    ~~~~~~~~~~~~~~~~~~~^^^^^^^^^^^^^^^^^^
ConnectionResetError: [WinError 10054] An existing connection was forcibly closed by the remote host
Exception in callback _ProactorBasePipeTransport._call_connection_lost()
handle: <Handle _ProactorBasePipeTransport._call_connection_lost()>
Traceback (most recent call last):
  File "C:\Python313\Lib\asyncio\events.py", line 89, in _run
    self._context.run(self._callback, *self._args)
    ~~~~~~~~~~~~~~~~~^^^^^^^^^^^^^^^^^^^^^^^^^^^^^
  File "C:\Python313\Lib\asyncio\proactor_events.py", line 165, in _call_connection_lost
    self._sock.shutdown(socket.SHUT_RDWR)
    ~~~~~~~~~~~~~~~~~~~^^^^^^^^^^^^^^^^^^
ConnectionResetError: [WinError 10054] An existing connection was forcibly closed by the remote host
Exception in callback _ProactorBasePipeTransport._call_connection_lost()
handle: <Handle _ProactorBasePipeTransport._call_connection_lost()>
Traceback (most recent call last):
  File "C:\Python313\Lib\asyncio\events.py", line 89, in _run
    self._context.run(self._callback, *self._args)
    ~~~~~~~~~~~~~~~~~^^^^^^^^^^^^^^^^^^^^^^^^^^^^^
  File "C:\Python313\Lib\asyncio\proactor_events.py", line 165, in _call_connection_lost
    self._sock.shutdown(socket.SHUT_RDWR)
    ~~~~~~~~~~~~~~~~~~~^^^^^^^^^^^^^^^^^^
ConnectionResetError: [WinError 10054] An existing connection was forcibly closed by the remote host
Exception in callback _ProactorBasePipeTransport._call_connection_lost()
handle: <Handle _ProactorBasePipeTransport._call_connection_lost()>
Traceback (most recent call last):
  File "C:\Python313\Lib\asyncio\events.py", line 89, in _run
    self._context.run(self._callback, *self._args)
    ~~~~~~~~~~~~~~~~~^^^^^^^^^^^^^^^^^^^^^^^^^^^^^
  File "C:\Python313\Lib\asyncio\proactor_events.py", line 165, in _call_connection_lost
    self._sock.shutdown(socket.SHUT_RDWR)
    ~~~~~~~~~~~~~~~~~~~^^^^^^^^^^^^^^^^^^
ConnectionResetError: [WinError 10054] An existing connection was forcibly closed by the remote host
Exception in callback _ProactorBasePipeTransport._call_connection_lost()
handle: <Handle _ProactorBasePipeTransport._call_connection_lost()>
Traceback (most recent call last):
  File "C:\Python313\Lib\asyncio\events.py", line 89, in _run
    self._context.run(self._callback, *self._args)
    ~~~~~~~~~~~~~~~~~^^^^^^^^^^^^^^^^^^^^^^^^^^^^^
  File "C:\Python313\Lib\asyncio\proactor_events.py", line 165, in _call_connection_lost
    self._sock.shutdown(socket.SHUT_RDWR)
    ~~~~~~~~~~~~~~~~~~~^^^^^^^^^^^^^^^^^^
ConnectionResetError: [WinError 10054] An existing connection was forcibly closed by the remote host
Exception in callback _ProactorBasePipeTransport._call_connection_lost()
handle: <Handle _ProactorBasePipeTransport._call_connection_lost()>
Traceback (most recent call last):
  File "C:\Python313\Lib\asyncio\events.py", line 89, in _run
    self._context.run(self._callback, *self._args)
    ~~~~~~~~~~~~~~~~~^^^^^^^^^^^^^^^^^^^^^^^^^^^^^
  File "C:\Python313\Lib\asyncio\proactor_events.py", line 165, in _call_connection_lost
    self._sock.shutdown(socket.SHUT_RDWR)
    ~~~~~~~~~~~~~~~~~~~^^^^^^^^^^^^^^^^^^
ConnectionResetError: [WinError 10054] An existing connection was forcibly closed by the remote host
Exception in callback _ProactorBasePipeTransport._call_connection_lost()
handle: <Handle _ProactorBasePipeTransport._call_connection_lost()>
Traceback (most recent call last):
  File "C:\Python313\Lib\asyncio\events.py", line 89, in _run
    self._context.run(self._callback, *self._args)
    ~~~~~~~~~~~~~~~~~^^^^^^^^^^^^^^^^^^^^^^^^^^^^^
  File "C:\Python313\Lib\asyncio\proactor_events.py", line 165, in _call_connection_lost
    self._sock.shutdown(socket.SHUT_RDWR)
    ~~~~~~~~~~~~~~~~~~~^^^^^^^^^^^^^^^^^^
ConnectionResetError: [WinError 10054] An existing connection was forcibly closed by the remote host
2026-09-08 20:36:42.587 Uncaught app execution
Traceback (most recent call last):
  File "C:\Users\Solideo G. Bangun\uhi-dashboard\.venv\Lib\site-packages\streamlit\runtime\scriptrunner\exec_code.py", line 136, in exec_func_with_error_handling
    result = func()
  File "C:\Users\Solideo G. Bangun\uhi-dashboard\.venv\Lib\site-packages\streamlit\runtime\scriptrunner\script_runner.py", line 827, in code_to_exec
    exec(code, module.__dict__)  # noqa: S102
    ~~~~^^^^^^^^^^^^^^^^^^^^^^^
  File "C:\Users\Solideo G. Bangun\uhi-dashboard\app.py", line 25, in <module>
    st.navigation(HALAMAN, position="top").run()
    ~~~~~~~~~~~~~~~~~~~~~~~~~~~~~~~~~~~~~~~~~~^^
  File "C:\Users\Solideo G. Bangun\uhi-dashboard\.venv\Lib\site-packages\streamlit\navigation\page.py", line 494, in run
    exec(code, module.__dict__)  # noqa: S102
    ~~~~^^^^^^^^^^^^^^^^^^^^^^^
  File "C:\Users\Solideo G. Bangun\uhi-dashboard\views\forecasting.py", line 108, in <module>
    fig = viz.batang_kelompok(lebar, "model", {"RF": "RF", "SVR": "SVR"}, f"{metrik_pilihan} per konfigurasi", metrik_pilihan)
          ^^^^^^^^^^^^^^^^^^^
AttributeError: module 'uhi_viz' has no attribute 'batang_kelompok'
2026-09-08 20:37:40.499 Uncaught app execution
Traceback (most recent call last):
  File "C:\Users\Solideo G. Bangun\uhi-dashboard\.venv\Lib\site-packages\streamlit\runtime\scriptrunner\exec_code.py", line 136, in exec_func_with_error_handling
    result = func()
  File "C:\Users\Solideo G. Bangun\uhi-dashboard\.venv\Lib\site-packages\streamlit\runtime\scriptrunner\script_runner.py", line 827, in code_to_exec
    exec(code, module.__dict__)  # noqa: S102
    ~~~~^^^^^^^^^^^^^^^^^^^^^^^
  File "C:\Users\Solideo G. Bangun\uhi-dashboard\app.py", line 25, in <module>
    st.navigation(HALAMAN, position="top").run()
    ~~~~~~~~~~~~~~~~~~~~~~~~~~~~~~~~~~~~~~~~~~^^
  File "C:\Users\Solideo G. Bangun\uhi-dashboard\.venv\Lib\site-packages\streamlit\navigation\page.py", line 494, in run
    exec(code, module.__dict__)  # noqa: S102
    ~~~~^^^^^^^^^^^^^^^^^^^^^^^
  File "C:\Users\Solideo G. Bangun\uhi-dashboard\views\forecasting.py", line 108, in <module>
    fig = viz.batang_kelompok(lebar, "model", {"RF": "RF", "SVR": "SVR"}, f"{metrik_pilihan} per konfigurasi", metrik_pilihan)
          ^^^^^^^^^^^^^^^^^^^
AttributeError: module 'uhi_viz' has no attribute 'batang_kelompok'
2026-09-08 20:43:00.754 Uncaught app execution
Traceback (most recent call last):
  File "C:\Users\Solideo G. Bangun\uhi-dashboard\.venv\Lib\site-packages\streamlit\runtime\scriptrunner\exec_code.py", line 136, in exec_func_with_error_handling
    result = func()
  File "C:\Users\Solideo G. Bangun\uhi-dashboard\.venv\Lib\site-packages\streamlit\runtime\scriptrunner\script_runner.py", line 827, in code_to_exec
    exec(code, module.__dict__)  # noqa: S102
    ~~~~^^^^^^^^^^^^^^^^^^^^^^^
  File "C:\Users\Solideo G. Bangun\uhi-dashboard\app.py", line 25, in <module>
    st.navigation(HALAMAN, position="top").run()
    ~~~~~~~~~~~~~~~~~~~~~~~~~~~~~~~~~~~~~~~~~~^^
  File "C:\Users\Solideo G. Bangun\uhi-dashboard\.venv\Lib\site-packages\streamlit\navigation\page.py", line 494, in run
    exec(code, module.__dict__)  # noqa: S102
    ~~~~^^^^^^^^^^^^^^^^^^^^^^^
  File "C:\Users\Solideo G. Bangun\uhi-dashboard\views\forecasting.py", line 108, in <module>
    fig = viz.batang_kelompok(lebar, "model", {"RF": "RF", "SVR": "SVR"}, f"{metrik_pilihan} per konfigurasi", metrik_pilihan)
          ^^^^^^^^^^^^^^^^^^^
AttributeError: module 'uhi_viz' has no attribute 'batang_kelompok'
2026-09-08 20:43:20.714 Uncaught app execution
Traceback (most recent call last):
  File "C:\Users\Solideo G. Bangun\uhi-dashboard\.venv\Lib\site-packages\streamlit\runtime\scriptrunner\exec_code.py", line 136, in exec_func_with_error_handling
    result = func()
  File "C:\Users\Solideo G. Bangun\uhi-dashboard\.venv\Lib\site-packages\streamlit\runtime\scriptrunner\script_runner.py", line 827, in code_to_exec
    exec(code, module.__dict__)  # noqa: S102
    ~~~~^^^^^^^^^^^^^^^^^^^^^^^
  File "C:\Users\Solideo G. Bangun\uhi-dashboard\app.py", line 25, in <module>
    st.navigation(HALAMAN, position="top").run()
    ~~~~~~~~~~~~~~~~~~~~~~~~~~~~~~~~~~~~~~~~~~^^
  File "C:\Users\Solideo G. Bangun\uhi-dashboard\.venv\Lib\site-packages\streamlit\navigation\page.py", line 494, in run
    exec(code, module.__dict__)  # noqa: S102
    ~~~~^^^^^^^^^^^^^^^^^^^^^^^
  File "C:\Users\Solideo G. Bangun\uhi-dashboard\views\forecasting.py", line 108, in <module>
    fig = viz.batang_kelompok(lebar, "model", {"RF": "RF", "SVR": "SVR"}, f"{metrik_pilihan} per konfigurasi", metrik_pilihan)
          ^^^^^^^^^^^^^^^^^^^
AttributeError: module 'uhi_viz' has no attribute 'batang_kelompok'
2026-09-08 20:43:37.550 Uncaught app execution
Traceback (most recent call last):
  File "C:\Users\Solideo G. Bangun\uhi-dashboard\.venv\Lib\site-packages\streamlit\runtime\scriptrunner\exec_code.py", line 136, in exec_func_with_error_handling
    result = func()
  File "C:\Users\Solideo G. Bangun\uhi-dashboard\.venv\Lib\site-packages\streamlit\runtime\scriptrunner\script_runner.py", line 827, in code_to_exec
    exec(code, module.__dict__)  # noqa: S102
    ~~~~^^^^^^^^^^^^^^^^^^^^^^^
  File "C:\Users\Solideo G. Bangun\uhi-dashboard\app.py", line 25, in <module>
    st.navigation(HALAMAN, position="top").run()
    ~~~~~~~~~~~~~~~~~~~~~~~~~~~~~~~~~~~~~~~~~~^^
  File "C:\Users\Solideo G. Bangun\uhi-dashboard\.venv\Lib\site-packages\streamlit\navigation\page.py", line 494, in run
    exec(code, module.__dict__)  # noqa: S102
    ~~~~^^^^^^^^^^^^^^^^^^^^^^^
  File "C:\Users\Solideo G. Bangun\uhi-dashboard\views\forecasting.py", line 108, in <module>
    fig = viz.batang_kelompok(lebar, "model", {"RF": "RF", "SVR": "SVR"}, f"{metrik_pilihan} per konfigurasi", metrik_pilihan)
          ^^^^^^^^^^^^^^^^^^^
AttributeError: module 'uhi_viz' has no attribute 'batang_kelompok'
2026-09-08 20:46:04.361 Uncaught app execution
Traceback (most recent call last):
  File "C:\Users\Solideo G. Bangun\uhi-dashboard\.venv\Lib\site-packages\streamlit\runtime\scriptrunner\exec_code.py", line 136, in exec_func_with_error_handling
    result = func()
  File "C:\Users\Solideo G. Bangun\uhi-dashboard\.venv\Lib\site-packages\streamlit\runtime\scriptrunner\script_runner.py", line 827, in code_to_exec
    exec(code, module.__dict__)  # noqa: S102
    ~~~~^^^^^^^^^^^^^^^^^^^^^^^
  File "C:\Users\Solideo G. Bangun\uhi-dashboard\app.py", line 25, in <module>
    st.navigation(HALAMAN, position="top").run()
    ~~~~~~~~~~~~~~~~~~~~~~~~~~~~~~~~~~~~~~~~~~^^
  File "C:\Users\Solideo G. Bangun\uhi-dashboard\.venv\Lib\site-packages\streamlit\navigation\page.py", line 494, in run
    exec(code, module.__dict__)  # noqa: S102
    ~~~~^^^^^^^^^^^^^^^^^^^^^^^
  File "C:\Users\Solideo G. Bangun\uhi-dashboard\views\forecasting.py", line 108, in <module>
    fig = viz.batang_kelompok(lebar, "model", {"RF": "RF", "SVR": "SVR"}, f"{metrik_pilihan} per konfigurasi", metrik_pilihan)
          ^^^^^^^^^^^^^^^^^^^
AttributeError: module 'uhi_viz' has no attribute 'batang_kelompok'
2026-09-08 20:53:01.553 Uncaught app execution
Traceback (most recent call last):
  File "C:\Users\Solideo G. Bangun\uhi-dashboard\.venv\Lib\site-packages\streamlit\runtime\scriptrunner\exec_code.py", line 136, in exec_func_with_error_handling
    result = func()
  File "C:\Users\Solideo G. Bangun\uhi-dashboard\.venv\Lib\site-packages\streamlit\runtime\scriptrunner\script_runner.py", line 827, in code_to_exec
    exec(code, module.__dict__)  # noqa: S102
    ~~~~^^^^^^^^^^^^^^^^^^^^^^^
  File "C:\Users\Solideo G. Bangun\uhi-dashboard\app.py", line 25, in <module>
    st.navigation(HALAMAN, position="top").run()
    ~~~~~~~~~~~~~~~~~~~~~~~~~~~~~~~~~~~~~~~~~~^^
  File "C:\Users\Solideo G. Bangun\uhi-dashboard\.venv\Lib\site-packages\streamlit\navigation\page.py", line 494, in run
    exec(code, module.__dict__)  # noqa: S102
    ~~~~^^^^^^^^^^^^^^^^^^^^^^^
  File "C:\Users\Solideo G. Bangun\uhi-dashboard\views\forecasting.py", line 27, in <module>
    definisi = data.muat_definisi_model()
               ^^^^^^^^^^^^^^^^^^^^^^^^
AttributeError: module 'uhi_data' has no attribute 'muat_definisi_model'. Did you mean: 'muat_evaluasi_model'?
